device mps
/Users/viveknegi/Downloads/wallet-service/.thesis-venv/lib/python3.12/site-packages/torch/jit/_serialization.py:176: FutureWarning: `torch.jit.load` is deprecated. Please switch to `torch.export`.
  warnings.warn(
Warning: You are sending unauthenticated requests to the HF Hub. Please set a HF_TOKEN to enable higher rate limits and faster downloads.
sessions 125 train turns 158 test turns 42 gallery 125
encoding 125 global
encoding 125 global
encoding 9 patch
encoding 9 patch
encoding 9 patch
encoding 9 patch
encoding 9 patch
encoding 9 patch
encoding 6 patch
encoding 9 patch
encoding 3 patch
encoding 9 patch
encoding 9 patch
encoding 4 patch
encoding 9 patch
encoding 1 patch
encoding 9 patch
encoding 9 patch
encoding 8 patch
encoding 9 patch
encoding 5 patch
encoding 9 patch
encoding 8 patch
encoding 9 patch
encoding 9 patch
encoding 9 patch
encoding 6 patch
encoding 9 patch
encoding 8 patch
encoding 9 patch
encoding 6 patch
encoding 9 patch
encoding 2 patch
encoding 9 patch
encoding 1 patch
encoding 9 patch
encoding 9 patch
encoding 9 patch
encoding 9 patch
encoding 2 patch
encoding 9 patch
encoding 9 patch
encoding 9 patch
encoding 4 patch
encoding 9 patch
encoding 9 patch
encoding 4 patch
encoding 9 patch
encoding 4 patch
encoding 9 patch
encoding 9 patch
encoding 2 patch
encoding 9 patch
encoding 3 patch
encoding 9 patch
encoding 3 patch
encoding 9 patch
encoding 2 patch
encoding 9 patch
encoding 4 patch
encoding 9 patch
encoding 9 patch
encoding 9 patch
encoding 9 patch
encoding 9 patch
encoding 9 patch
encoding 7 patch
encoding 9 patch
encoding 9 patch
encoding 9 patch
encoding 4 patch
encoding 9 patch
encoding 2 patch
encoding 9 patch
encoding 2 patch
encoding 9 patch
encoding 4 patch
encoding 9 patch
encoding 2 patch
encoding 9 patch
encoding 9 patch
encoding 9 patch
encoding 3 patch
encoding 9 patch
encoding 9 patch
encoding 9 patch
encoding 9 patch
encoding 9 patch
encoding 9 patch
encoding 6 patch
encoding 9 patch
encoding 3 patch
encoding 9 patch
encoding 9 patch
encoding 9 patch
encoding 4 patch
encoding 9 patch
encoding 4 patch
encoding 9 patch
encoding 6 patch
encoding 9 patch
encoding 4 patch
encoding 9 patch
encoding 9 patch
encoding 2 patch
encoding 9 patch
encoding 4 patch
encoding 9 patch
encoding 6 patch
encoding 9 patch
encoding 9 patch
encoding 9 patch
encoding 2 patch
encoding 9 patch
encoding 2 patch
encoding 9 patch
encoding 9 patch
encoding 9 patch
encoding 6 patch
encoding 9 patch
encoding 4 patch
encoding 9 patch
encoding 8 patch
encoding 9 patch
encoding 1 patch
encoding 9 patch
encoding 9 patch
encoding 9 patch
encoding 6 patch
encoding 9 patch
encoding 2 patch
encoding 9 patch
encoding 9 patch
encoding 2 patch
encoding 9 patch
encoding 4 patch
encoding 9 patch
encoding 9 patch
encoding 8 patch
encoding 9 patch
encoding 9 patch
encoding 6 patch
encoding 9 patch
encoding 2 patch
encoding 9 patch
encoding 9 patch
encoding 9 patch
encoding 1 patch
encoding 9 patch
encoding 9 patch
encoding 9 patch
encoding 9 patch
encoding 5 patch
encoding 9 patch
encoding 6 patch
encoding 9 patch
encoding 8 patch
encoding 9 patch
encoding 3 patch
encoding 9 patch
encoding 2 patch
encoding 9 patch
encoding 9 patch
encoding 9 patch
encoding 9 patch
encoding 4 patch
encoding 9 patch
encoding 2 patch
encoding 9 patch
encoding 9 patch
encoding 6 patch
encoding 9 patch
encoding 2 patch
encoding 9 patch
encoding 5 patch
encoding 9 patch
encoding 1 patch
encoding 9 patch
encoding 3 patch
encoding 9 patch
encoding 9 patch
encoding 1 patch
encoding 9 patch
encoding 8 patch
encoding 9 patch
encoding 4 patch
encoding 9 patch
encoding 6 patch
encoding 9 patch
encoding 9 patch
encoding 9 patch
encoding 9 patch
encoding 6 patch
encoding 9 patch
encoding 2 patch
encoding 9 patch
encoding 9 patch
encoding 7 patch
encoding 9 patch
encoding 6 patch
encoding 9 patch
encoding 9 patch
encoding 9 patch
encoding 9 patch
encoding 9 patch
encoding 9 patch
encoding 9 patch
encoding 9 patch
encoding 9 patch
encoding 9 patch
encoding 9 patch
encoding 9 patch
encoding 9 patch
encoding 9 patch
encoding 9 patch
encoding 9 patch
encoding 9 patch
encoding 9 patch
encoding 9 patch
encoding 9 patch
encoding 9 patch
encoding 9 patch
encoding 9 patch
encoding 9 patch
encoding 9 patch
encoding 9 patch
encoding 9 patch
encoding 9 patch
encoding 9 patch
encoding 9 patch
encoding 9 patch
encoding 9 patch
encoding 9 patch
encoding 9 patch
encoding 9 patch
encoding 9 patch
encoding 9 patch
encoding 9 patch
encoding 9 patch
encoding 9 patch
encoding 9 patch
encoding 9 patch
encoding 9 patch
encoding 9 patch
encoding 9 patch
encoding 9 patch
encoding 9 patch
encoding 9 patch
encoding 9 patch
encoding 9 patch
encoding 9 patch
encoding 9 patch
encoding 9 patch
encoding 9 patch
encoding 9 patch
encoding 9 patch
encoding 9 patch
encoding 9 patch
encoding 6 patch
encoding 9 patch
encoding 9 patch
encoding 9 patch
encoding 9 patch
encoding 9 patch
encoding 9 patch
encoding 9 patch
encoding 9 patch
encoding 9 patch
encoding 9 patch
encoding 9 patch
encoding 9 patch
encoding 9 patch
encoding 9 patch
encoding 9 patch
encoding 9 patch
encoding 9 patch
encoding 9 patch
encoding 9 patch
encoding 9 patch
encoding 9 patch
encoding 9 patch
encoding 9 patch
encoding 9 patch
encoding 9 patch
encoding 9 patch
encoding 9 patch
encoding 9 patch
encoding 9 patch
encoding 9 patch
encoding 9 patch
encoding 9 patch
encoding 9 patch
encoding 9 patch
encoding 9 patch
encoding 9 patch
encoding 9 patch
encoding 9 patch
encoding 9 patch
encoding 9 patch
encoding 9 patch
encoding 9 patch
encoding 9 patch
encoding 9 patch
encoding 9 patch
encoding 9 patch
encoding 9 patch
encoding 9 patch
encoding 9 patch
encoding 9 patch
encoding 9 patch
encoding 9 patch
encoding 9 patch
encoding 9 patch
encoding 9 patch
encoding 9 patch
encoding 9 patch
encoding 9 patch
encoding 9 patch
encoding 9 patch
encoding 9 patch
encoding 9 patch
encoding 9 patch
encoding 9 patch
encoding 9 patch
encoding 9 patch
encoding 9 patch
encoding 9 patch
               method  queries  gallery_size  Recall@1  Recall@5  Recall@10
          sscd_global       42           125       1.0       1.0        1.0
sscd_plus_fixed_patch       42           125       1.0       1.0        1.0
           fusion_mlp       42           125       1.0       1.0        1.0
saved /Users/viveknegi/Downloads/wallet-service/thesis_image_retrieval/outputs/pilot_100_sessions
